[CLEANUP] Stopping and removing test containers, volume, network...
[1/7] Creating isolated Docker network and empty volume...
[2/7] Starting API and Worker containers in parallel...
[3/7] Waiting for API readiness & migration execution...
  -> API is healthy: HTTP 200 {'status': 'starting', 'system_state': 'STARTING', 'version': '3.0.0-dev', 'data_fresh': True, 'active_trades': 0, 'uptime_seconds': 0.74, 'timestamp_ms': 1789613832932}
  -> Auto-applied schema tables on empty volume: ['schema_migrations', 'candles', 'universe', 'trades', 'trade_events', 'sqlite_sequence', 'commands', 'config_revisions', 'runner_state', 'shadow_log', 'notify_events', 'audit_log', 'processed_bars']
[4/7] Testing Web dashboard access and authentication...
  -> Dashboard HTML delivered: HTTP 200
  -> Login successful, session cookie established
[5/7] Testing configuration workflow & worker acknowledgement...
  -> Config revision posted: {'ok': True, 'message': 'Konfiguration als Revision 1 angefordert', 'data': {'requested_rev': 1, 'active_rev': 0, 'command_id': 'cmd_586000e616494702ae99858a1e792a18', 'status': 'pending', 'config': {'risk_per_trade_pct': 1.2, 'max_open_positions': 3, 'max_leverage': 10, 'long_threshold': 65.0, 'short_threshold': 32.0, 'macro_cap': 0.2, 'dry_run': True, 'ntfy_enabled': True}}}
  -> Worker successfully acknowledged and applied config revision
[6/7] Testing Emergency Halt, state persistence & container restart...
  -> Halt requested: {'ok': True, 'message': 'Not-Halt angefordert: Container Integration Test Halt', 'data': {'command_id': 'cmd_92fc9b4a41144a45b4e37c7374fcf37f', 'status': 'pending'}}
  -> Worker transitioned to HALTED: HALTED
  -> Restarting both containers (docker restart aura_test_worker, docker restart aura_test_api)...
  -> State after restart: fsm_state=RUNNING, is_halted=False
[CLEANUP] Stopping and removing test containers, volume, network...
Traceback (most recent call last):
  File "/home/ivo/projects/AURA_v2/scripts/verify_container_lifecycle.py", line 248, in <module>
    main()
  File "/home/ivo/projects/AURA_v2/scripts/verify_container_lifecycle.py", line 231, in main
    assert is_halted_after or fsm_after == "HALTED", "Halt state MUST persist across container restarts!"
           ^^^^^^^^^^^^^^^^^^^^^^^^^^^^^^^^^^^^^^^^
AssertionError: Halt state MUST persist across container restarts!
