PASS: test_audit_integrity.js
PASS: test_autobot_cycle_status_log.js
PASS: test_autobot_entry_gate.js
PASS: test_autobot_entry_log_hygiene.js
PASS: test_autobot_profiles.js
PASS: test_autobot_revalidation_object.js
PASS: test_autobot_scan_diagnostics.js
PASS: test_autobot_scan_reentrancy.js
PASS: test_autobot_selection.js
PASS: test_autobot_statistical_edge.js
PASS: test_autobot_timeframe_edge.js
PASS: test_autobot_timestop_behavior.js
PASS: test_autobot_universe_adjustment.js
PASS: test_bitget_keepalive.js
PASS: test_bitget_websocket_reconnect.js
PASS: test_btc_regime_transparency.js
PASS: test_chart_liveness_ticker.js
PASS: test_compare_pine_js_golden.js
PASS: test_cross_device_sync.js
PASS: test_cvd_feed_independence.js
PASS: test_data_freshness_resume.js
PASS: test_design_system_gen2.js
PASS: test_dirty_flag_rendering.js
PASS: test_dsr_default_trials.js
PASS: test_dsr_ledger.js
PASS: test_engine_full.js
PASS: test_fallback_liquidity.js
PASS: test_feed_status_fallback_pill.js
PASS: test_funnel_glasbox.js
PASS: test_hero_paper_gate.js
PASS: test_kelly_oracle.js
PASS: test_live_trade_current_price_render.js
PASS: test_live_trade_tracker.js
PASS: test_lookahead_metamorphic.js
PASS: test_model_evidence_real.js
PASS: test_partial_close_winrate_stats.js
PASS: test_pf29_trade_card.js
PASS: test_pf30_chart_positions.js
PASS: test_pf31_zero_transient.js
PASS: test_pf32_focus_chart_retry.js
PASS: test_pf34_asset_logos.js
PASS: test_pf35_logo_animation.js
PASS: test_pf37_autobot_live_metrics.js
PASS: test_pf38_tooltips.js
PASS: test_pf39_chart_freshness.js
PASS: test_pf41_trade_card_keyboard.js
PASS: test_pf41_trade_card_structure.js
PASS: test_pf42_chart_resize.js
PASS: test_pf42_resize_review_regressions.js
PASS: test_pf43_chart_drawings.js
PASS: test_pf43_drawing_review_regressions.js
PASS: test_pf44_timestop_demotion.js
PASS: test_pf45_focus_priority.js
PASS: test_pf47_mtf_knob_honored.js
PASS: test_pf48_funnel_explanation.js
PASS: test_pf50_trade_card_dom_stability.js
PASS: test_pf53_pf57_card_and_link_improvements.js
PASS: test_pf59_signal_hub.js
PASS: test_pf60_settings_ui.js
PASS: test_pf61_trade_events.js
PASS: test_pf66_headless_runner.js
PASS: test_pine_forecast_generation.js
PASS: test_price_formatting.js
PASS: test_r38_dsr_display.js
PASS: test_r38_quant_guards.js
PASS: test_radar_continuous_cycle.js
PASS: test_radar_focus_selection.js
PASS: test_radar_persistence.js
PASS: test_radar_progressive.js
PASS: test_radar_refresh_cycle.js
PASS: test_radar_snapshot.js
PASS: test_radar_sorting.js
PASS: test_radar_top_candidates.js
PASS: test_radar_volume_filter.js
PASS: test_relay_origin.js
PASS: test_relay_retry.js
PASS: test_release_notes_overlay.js
PASS: test_reload_banner.js
PASS: test_score_clamp_negative.js
PASS: test_server_only_live.js
PASS: test_setup_validation_focus.js
PASS: test_shadow_collector.js
PASS: test_slippage_not_zero.js
PASS: test_smc_sessions.js
PASS: test_state_migration_identity.js
PASS: test_timestop_timeframe_scaling.js
PASS: test_trade_clickable_data.js
PASS: test_trade_export.js
PASS: test_tradingview_basic_qol.js
PASS: test_tradingview_desktop_fallback.js
PASS: test_tradingview_link.js
PASS: test_tradingview_position_bridge.js
PASS: test_tradingview_return_link.js
PASS: test_tradingview_url_and_fast_fallback.js
PASS: test_v181_dashboard_event_hygiene.js
PASS: test_v182_execution_price_split.js
PASS: test_v182_headless_execution_split.js
PASS: test_websocket_generation.js
SUMMARY: 98 passed, 0 failed (total: 98)
