[TEARDOWN] Stopping Compose project and wiping test volumes...
[1/8] Checking Compose CLI and Docker daemon...
  -> Docker Compose CLI: Docker Compose version v5.5.1
[2/8] Building Compose images cleanly...
[3/8] Starting Compose stack on empty test volumes...
[4/8] Waiting for API readiness and verifying DB migrations...
  -> API is online (HTTP 200): {'status': 'starting', 'system_state': 'STARTING', 'version': '3.0.0-dev', 'data_fresh': True, 'active_trades': 0, 'uptime_seconds': 0.63, 'timestamp_ms': 1789614520047}
  -> Migrations verified on empty volume: ['schema_migrations', 'candles', 'universe', 'trades', 'trade_events', 'sqlite_sequence', 'commands', 'config_revisions', 'runner_state', 'shadow_log', 'notify_events', 'audit_log', 'processed_bars']
[5/8] Verifying separate container healthchecks...
  -> API Healthcheck status: starting
  -> Worker Healthcheck status: starting
[6/8] Web access, token authentication and config workflow...
  -> Dashboard Web-UI delivered (HTTP 200)
  -> Session established via cookie auth
  -> Config revision 1 posted: cmd_46beb5d337d047198646e3520a360e3e
  -> Worker applied and acknowledged config revision (long_threshold=68.0)
[7/8] Emergency Halt, container restart and persistence verification...
  -> Worker state before halt: (1789614520929, '[w_1_b8793d] Feeds initialisiert, bereit fuer Signal-Scanning & Execution', 'RUNNING')
  -> Emergency halt posted
  -> Worker transitioned to HALTED state
  -> Pre-restart Worker Instance: '[w_1_b8793d] Not-Halt: Compose Audit Test Halt', Heartbeat: 1789614525282
  -> Executing: docker compose restart...
  -> Post-restart Worker Instance: '[w_1_043d03] Not-Halt: Compose Audit Test Halt', Heartbeat: 1789614533828
  -> RESTART EVIDENCE CONFIRMED: New worker instance ID and fresh post-restart heartbeat verified!
  -> PERSISTENCE CONFIRMED: Halt state and config survived container restart perfectly.
[8/8] Verifying honest market data display and open liquidity gap...
  -> Radar rejection sample: symbol=DOGEUSDT, reason='Liquiditaet nicht verifiziert'
  -> Honest display confirmed: 0 open positions, fail-closed liquidity gating.

========================================================
DOCKER COMPOSE LIFECYCLE VERIFICATION: 100% PASSED!
========================================================

[TEARDOWN] Stopping Compose project and wiping test volumes...
